[36mvite v7.3.1 [32mbuilding client environment for production...[36m[39m
transforming...
[32mÔ£ô[39m 2015 modules transformed.
rendering chunks...
computing gzip size...
[2mdist/[22m[32mindex.html                          [39m[1m[2m  0.83 kB[22m[1m[22m[2m Ôöé gzip:   0.45 kB[22m
[2mdist/[22m[35massets/LoginPage-BNNy2_bQ.css       [39m[1m[2m  2.87 kB[22m[1m[22m[2m Ôöé gzip:   0.77 kB[22m
[2mdist/[22m[35massets/HistoryPage-BK0Di7JX.css     [39m[1m[2m  3.14 kB[22m[1m[22m[2m Ôöé gzip:   0.80 kB[22m
[2mdist/[22m[35massets/SettingsPage-DrVl2Jjo.css    [39m[1m[2m  3.40 kB[22m[1m[22m[2m Ôöé gzip:   0.96 kB[22m
[2mdist/[22m[35massets/QuantityModal-oUARTEpU.css   [39m[1m[2m  5.31 kB[22m[1m[22m[2m Ôöé gzip:   1.29 kB[22m
[2mdist/[22m[35massets/ListPage-BdgumuvB.css        [39m[1m[2m  6.57 kB[22m[1m[22m[2m Ôöé gzip:   1.50 kB[22m
[2mdist/[22m[35massets/index-DuJeaMTb.css           [39m[1m[2m  7.67 kB[22m[1m[22m[2m Ôöé gzip:   2.20 kB[22m
[2mdist/[22m[35massets/HomePage-B6MGGXAI.css        [39m[1m[2m  9.11 kB[22m[1m[22m[2m Ôöé gzip:   1.99 kB[22m
[2mdist/[22m[36massets/search-Dba8aUxJ.js           [39m[1m[2m  0.17 kB[22m[1m[22m[2m Ôöé gzip:   0.17 kB[22m
[2mdist/[22m[36massets/pen-line-48RI2IFM.js         [39m[1m[2m  0.28 kB[22m[1m[22m[2m Ôöé gzip:   0.23 kB[22m
[2mdist/[22m[36massets/trash-2-BUa1pHsS.js          [39m[1m[2m  0.33 kB[22m[1m[22m[2m Ôöé gzip:   0.22 kB[22m
[2mdist/[22m[36massets/LoginPage-BX3zvoC7.js        [39m[1m[2m  3.09 kB[22m[1m[22m[2m Ôöé gzip:   1.20 kB[22m
[2mdist/[22m[36massets/HistoryPage-DBEAgI0F.js      [39m[1m[2m  3.34 kB[22m[1m[22m[2m Ôöé gzip:   1.33 kB[22m
[2mdist/[22m[36massets/SettingsPage-D8kg5ZMJ.js     [39m[1m[2m  3.47 kB[22m[1m[22m[2m Ôöé gzip:   1.06 kB[22m
[2mdist/[22m[36massets/QuantityModal-8LhN9QsL.js    [39m[1m[2m  3.73 kB[22m[1m[22m[2m Ôöé gzip:   1.54 kB[22m
[2mdist/[22m[36massets/ListPage-CQDwDEPG.js         [39m[1m[2m  8.10 kB[22m[1m[22m[2m Ôöé gzip:   2.85 kB[22m
[2mdist/[22m[36massets/HomePage-Cwr38JwU.js         [39m[1m[2m  9.34 kB[22m[1m[22m[2m Ôöé gzip:   3.28 kB[22m
[2mdist/[22m[36massets/purify.es-Bzr520pe.js        [39m[1m[2m 22.45 kB[22m[1m[22m[2m Ôöé gzip:   8.63 kB[22m
[2mdist/[22m[36massets/index.es-xXHX-vQs.js         [39m[1m[2m158.81 kB[22m[1m[22m[2m Ôöé gzip:  53.01 kB[22m
[2mdist/[22m[36massets/html2canvas.esm-DXEQVQnt.js  [39m[1m[2m201.04 kB[22m[1m[22m[2m Ôöé gzip:  47.43 kB[22m
[2mdist/[22m[36massets/index-wMASCiDx.js            [39m[1m[2m250.97 kB[22m[1m[22m[2m Ôöé gzip:  80.37 kB[22m
[2mdist/[22m[36massets/jspdf.es.min-DSs0zvnc.js     [39m[1m[2m385.32 kB[22m[1m[22m[2m Ôöé gzip: 125.97 kB[22m
[32mÔ£ô built in 9.10s[39m
